// Jest Snapshot v1, https://goo.gl/fbAQLP

exports[`<Link /> Should render a non-selected Link. 1`] = `ShallowWrapper {}`;

exports[`<Link /> Should render a selected Link with sidebar collapsed. 1`] = `ShallowWrapper {}`;

exports[`<Link /> Should render a selected Link with sidebar expanded. 1`] = `ShallowWrapper {}`;
