// Jest Snapshot v1, https://goo.gl/fbAQLP

exports[`<Sidebar /> Should be able to render in "dark" mode. 1`] = `ShallowWrapper {}`;

exports[`<Sidebar /> Should be able to render in "light" mode. 1`] = `ShallowWrapper {}`;

exports[`<Sidebar /> Should render the <Sidebar /> component. 1`] = `ShallowWrapper {}`;
